[echo.co/index.html]
[echo.co/themes/custom/squares/img/facebook-avatar.png]
[echo.co/themes/custom/squares/favicons/browserconfig.xml]
[echo.co/themes/custom/squares/favicons/apple-touch-icon.png]
[echo.co/themes/custom/squares/favicons/favicon-32x32.png]
[echo.co/themes/custom/squares/favicons/favicon-16x16.png]
[echo.co/themes/custom/squares/favicons/safari-pinned-tab.svg]
[echo.co/themes/custom/squares/favicons/favicon.ico]
[backblue.gif]
[fade.gif]
[index.html]
[echo.co/sites/default/files/css/css_2hg9yro4GVXzFYHlrevYK_76bRfNycFsGQ5464J3vas.css]
[echo.co/sites/default/files/css/css_SKxFsByyM0WlsF9ywDYoIk1CR9cpOflv_17VZWGQb2E.css]
[cdn.jsdelivr.net/font-hack/2.020/css/hack.min.css]
[echo.co/themes/custom/squares/img/EchoAndCo.svg]
[echo.co/themes/custom/squares/img/EchoAndCo.png]
[echo.co/about-us.html]
[echo.co/methods.html]
[echo.co/clients.html]
[echo.co/case-studies.html]
[echo.co/team.html]
[echo.co/company.html]
[echo.co/snapshots.html]
[echo.co/advice.html]
[echo.co/health-&-wellness.html]
[echo.co/social-justice.html]
[echo.co/environment.html]
[echo.co/education.html]
[echo.co/consumer-&-media-advocacy.html]
[echo.co/community-building.html]
[echo.co/contact.html]
[echo.co/case-study/national-education-association.html]
[echo.co/sites/default/files/styles/850x640/public/2021-03/2021-teacher-student-masked-3840x2160_36e8a.jpg]
[echo.co/case-study/boston-college-city-connects.html]
[echo.co/sites/default/files/styles/850x640/public/2019-11/9B3A1788 (1)409f.jpg]
[echo.co/sites/default/files/styles/470x376/public/2021-03/12-12-19-DJH_80306a62.jpg]
[echo.co/sites/default/files/styles/677wide/public/2021-03/12-12-19-DJH_8030b3af.jpg]
[echo.co/sites/default/files/styles/470x376/public/2020-06/31136492043_372243890f_c_0130e.jpg]
[echo.co/sites/default/files/styles/677wide/public/2020-06/31136492043_372243890f_c_02a95.jpg]
[echo.co/sites/default/files/styles/470x376/public/2017-07/team_graziella_jackson_127c6.jpg]
[echo.co/bio/graziella-jackson.html]
[echo.co/advice/how-use-improv-jumpstart-creativity-among-your-team-1.html]
[echo.co/advice/how-can-tech-organizations-tackle-unconscious-bias.html]
[echo.co/case-study/newseumED.html]
[echo.co/sites/default/files/styles/850x640/public/2017-03/case-newseumed-cardImagee24c.jpg]
[echo.co/sites/default/files/styles/470x376/public/2017-07/team_peter_sax_22ec6.jpg]
[echo.co/bio/peter-sax.html]
[echo.co/sites/default/files/styles/470x376/public/2019-04/Echo&Confetti5fc9.png]
[echo.co/sites/default/files/styles/677wide/public/2019-04/Echo&Confetti4578.png]
[echo.co/sites/default/files/inline-images/2018-B-Corp-wTag-S.png]
[echo.co/advice/making-better-choices-about-digital.html]
[echo.co/sites/default/files/styles/470x376/public/2019-10/newseum931d.jpg]
[echo.co/sites/default/files/styles/677wide/public/2019-10/newseum5fec.jpg]
[echo.co/themes/custom/squares/img/illo_userCentric.svg]
[echo.co/themes/custom/squares/img/illo_continuedWork.svg]
[echo.co/themes/custom/squares/img/illo_publishTeach.svg]
[echo.co/privacy-policy.html]
[echo.co/index.html]
[echo.co/themes/custom/squares/favicons/browserconfig.html]
[echo.co/themes/custom/squares/favicons/safari-pinned-tab.svg]
[echo.co/sites/default/files/css/css_2hg9yro4GVXzFYHlrevYK_76bRfNycFsGQ5464J3vas.css]
[echo.co/sites/default/files/js/js_1QdpnHx0CfSG-jEjBZlV4rEy60McVKH9-ZpifKiOmDo.js]
[echo.co/themes/custom/squares/fonts/biro/biro-webfont.woff2]
[echo.co/themes/custom/squares/fonts/biro/biro-webfont.woff]
[echo.co/themes/custom/squares/css/svg/sprite.css-1712a692.svg]
[echo.co/themes/custom/squares/img/dot-pattern.svg]
[echo.co/themes/custom/squares/img/caret_down.svg]
[echo.co/themes/custom/squares/img/map.svg]
[echo.co/themes/custom/squares/img/caret_right.svg]
[echo.co/themes/custom/squares/img/envelope.svg]
[echo.co/themes/custom/squares/img/email.svg]
[echo.co/themes/custom/squares/img/phone.svg]
[echo.co/themes/custom/squares/img/heart.svg]
[echo.co/themes/custom/squares/img/dot-pattern-blue.svg]
[echo.co/themes/custom/squares/img/dot-pattern-light.svg]
[echo.co/sites/default/files/css/css_SKxFsByyM0WlsF9ywDYoIk1CR9cpOflv_17VZWGQb2E.css]
[echo.co/themes/custom/squares/img/dot-pattern-blue-light.svg]
[cdn.jsdelivr.net/font-hack/2.020/css/hack.min.css]
[echo.co/themes/custom/squares/img/EchoAndCo.svg]
[echo.co/sites/default/files/2019-12/headerImage_aboutUs.jpg]
[echo.co/node/22.html]
[echo.co/sites/default/files/css/css_Dv7LNY6gAcATfsvKG6HjOcvMVbVzJ1vUbAwr0yF0Rk4.css]
[echo.co/sites/default/files/styles/1100x550/public/2019-12/headerImage_aboutUs24c9.jpg]
[s7.addthis.com/js/300/addthis_widget.js]
[echo.co/about-us.html]
[echo.co/method/discover.html]
[echo.co/method/define.html]
[echo.co/method/design.html]
[echo.co/method/develop.html]
[echo.co/methods.html]
[echo.co/method/deliver.html]
[echo.co/sites/default/files/ICRC_white.svg]
[echo.co/sites/default/files/styles/700wide/public/2017-03/icrc_full5910.png]
[echo.co/sites/default/files/uusc.svg]
[echo.co/sites/default/files/styles/700wide/public/2017-03/uusc_full0209.png]
[echo.co/sites/default/files/google_blue.svg]
[echo.co/sites/default/files/styles/700wide/public/2017-03/google_full_0ee52.png]
[echo.co/sites/default/files/arc_white.svg]
[echo.co/sites/default/files/styles/700wide/public/2017-03/arc_full7a7d.png]
[echo.co/sites/default/files/wildernesssociety_white.svg]
[echo.co/sites/default/files/styles/700wide/public/2017-03/wildernesssociety_full2fef.png]
[echo.co/sites/default/files/gsn_white.svg]
[echo.co/sites/default/files/styles/700wide/public/2017-03/gsn_full2565.png]
[echo.co/sites/default/files/prepwatch-white.svg]
[echo.co/sites/default/files/styles/700wide/public/2019-06/prepwatchb3d0.png]
[echo.co/sites/default/files/sif_white.svg]
[echo.co/sites/default/files/styles/700wide/public/2017-03/sif_fulldf7d.png]
[echo.co/sites/default/files/island-institute_blue.svg]
[echo.co/sites/default/files/styles/700wide/public/2017-03/island_fulldd50.png]
[echo.co/sites/default/files/ogp_white.svg]
[echo.co/sites/default/files/styles/700wide/public/2017-03/opg_full95f1.png]
[echo.co/sites/default/files/newseum_white.svg]
[echo.co/sites/default/files/styles/700wide/public/2017-03/newseum_fullf6fa.png]
[echo.co/sites/default/files/demos_white.svg]
[echo.co/sites/default/files/styles/700wide/public/2017-03/demos_full@1xc75d.png]
[echo.co/clients.html]
[echo.co/case-study/brightfocus-foundation.html]
[echo.co/sites/default/files/styles/850x640/public/2017-03/case-brightfocus-cardImage_05b0d.jpg]
[echo.co/case-study/bowery-residents-committee.html]
[echo.co/sites/default/files/styles/850x640/public/2017-03/case-brc-cardImageb00a.jpg]
[echo.co/case-study/aspcapro.html]
[echo.co/sites/default/files/styles/850x640/public/2017-03/case-aspcapro-cardImage_099f7.jpg]
[echo.co/case-study/asian-americans-advancing-justice.html]
[echo.co/sites/default/files/styles/850x640/public/2017-03/case-aajc-cardImage_07abd.jpg]
[echo.co/case-study/greenpeace-usa.html]
[echo.co/sites/default/files/styles/850x640/public/2017-03/case-greenpeace-usa-cardImage6ff0.jpg]
[echo.co/case-study/project-aware.html]
[echo.co/sites/default/files/styles/850x640/public/2017-03/case-project-aware-cardImage_06977.jpg]
[echo.co/case-study/food-water-watch.html]
[echo.co/sites/default/files/styles/850x640/public/2017-03/case-food-water-watch-cardImage8a92.jpg]
[echo.co/case-studies.html]
[echo.co/sites/default/files/styles/470x376/public/2022-01/team_alyssa_huntley43bd.jpg]
[echo.co/bio/alyssa-huntley.html]
[echo.co/sites/default/files/styles/470x376/public/2019-08/team_andy_vanderlinde18bc.jpg]
[echo.co/bio/andy-vanderlinde.html]
[echo.co/sites/default/files/styles/470x376/public/2019-06/team_anna_kassinger0c3c.jpg]
[echo.co/bio/anna-kassinger.html]
[echo.co/sites/default/files/styles/470x376/public/2017-03/team_bill_brownc42c.jpg]
[echo.co/bio/bill-brown.html]
[echo.co/index.php/sites/default/files/styles/470x376/public/2023-09/team_catherine_smyka_0c2a6.jpg]
[echo.co/index.php/bio/catherine-smyka-0.html]
[echo.co/sites/default/files/styles/470x376/public/2019-10/team_chrissy_guertin31f2.jpg]
[echo.co/bio/chrissy-guertin.html]
[echo.co/sites/default/files/styles/470x376/public/2022-03/team_emily_agueda5231.jpg]
[echo.co/bio/emily-agueda.html]
[www.echoditto.com/sites/default/files/styles/470x376/public/2023-04/team_julie_linton41a9.jpg]
[echo.co/bio/julie-linton.html]
[echo.co/sites/default/files/styles/470x376/public/2020-01/Kimikod3ce.png]
[echo.co/bio/kimiko-tanaka-vecchione.html]
[echo.co/sites/default/files/styles/470x376/public/2017-03/team_lauren_robbins8948.jpg]
[echo.co/bio/lauren-coughlin.html]
[www.echoditto.com/sites/default/files/styles/470x376/public/2017-03/team_mark_archibald815d.jpg]
[echo.co/users/mark-archibald.html]
[echo.co/sites/default/files/styles/470x376/public/2022-01/team_miranda_max26ba.jpg]
[echo.co/bio/miranda-max.html]
[echo.co/sites/default/files/styles/470x376/public/2017-03/team_neal_maher3bc5.jpg]
[echo.co/bio/neal-maher.html]
[echo.co/sites/default/files/styles/470x376/public/2017-03/team_paul_venutid458.jpg]
[echo.co/bio/paul-venuti.html]
[echo.co/sites/default/files/styles/470x376/public/2018-08/team_qudsia_aziz61b3.jpg]
[echo.co/bio/qudsia-aziz.html]
[echo.co/sites/default/files/styles/470x376/public/2022-12/team_sara_stump4c06.jpg]
[echo.co/bio/sara-stump.html]
[www.echoditto.com/sites/default/files/styles/470x376/public/2023-09/team_SBb687.jpg]
[echo.co/team.html]
[echo.co/bio/sarah-reynolds.html]
[www.echoditto.com/themes/custom/squares/img/facebook-avatar.png]
[echo.co/sites/default/files/styles/470x376/public/2017-01/19509-87570-V2zwMvJXSkd8p6Z-upload2ace.png]
[echo.co/sites/default/files/styles/677wide/public/2017-01/19509-87570-V2zwMvJXSkd8p6Z-upload76d2.png]
[echo.co/company.html]
[echo.co/sites/default/files/styles/470x376/public/2023-02/Screen Shot 2023-01-30 at 16.39.348ce0.png]
[echo.co/sites/default/files/styles/677wide/public/2023-02/Screen Shot 2023-01-30 at 16.39.34226c.png]
[echo.co/the-something-forum.html]
[echo.co/sites/default/files/styles/470x376/public/2020-03/covid-19df77.jpg]
[echo.co/sites/default/files/styles/677wide/public/2020-03/covid-1924b2.jpg]
[echo.co/info@echo.co]
[echo.co/sites/default/files/styles/470x376/public/2020-02/unnamed-2ea1c.png]
[echo.co/sites/default/files/styles/677wide/public/2020-02/unnamed-2d4fb.png]
[echo.co/sites/default/files/styles/470x376/public/2020-02/echo and ladki teams808b.jpg]
[echo.co/sites/default/files/styles/677wide/public/2020-02/echo and ladki teams0956.jpg]
[echo.co/bio/stacie-sheldon]
[echo.co/users/peter-sax.html]
[echo.co/sites/default/files/styles/470x376/public/2019-12/clutch 10001175.jpg]
[echo.co/sites/default/files/styles/677wide/public/2019-12/clutch 100020cb.jpg]
[echo.co/sites/default/files/styles/470x376/public/2019-10/Echo Indigenous Peoples Daycff8.png]
[echo.co/sites/default/files/styles/677wide/public/2019-10/Echo Indigenous Peoples Dayfc7a.png]
[echo.co/sites/default/files/styles/470x376/public/2019-08/20NTC5989.png]
[echo.co/sites/default/files/styles/677wide/public/2019-08/20NTC55a0.png]
[echo.co/sites/default/files/styles/470x376/public/2019-07/IMG_0533d96f.jpg]
[echo.co/sites/default/files/styles/677wide/public/2019-07/IMG_05335b3e.jpg]
[echo.co/snapshots.html]
[echo.co/advice/ultimate-guide-creating-effective-work-home-culture.html]
[echo.co/advice/best-practices-leading-remote-content-strategy-training-sessions.html]
[echo.co/advice/balancing-social-media-freedom-vs-regulation.html]
[echo.co/advice/demystifying-digital-accessibility-and-ensuring-your-website-ada-compliant.html]
[echo.co/advice/open-source-drupal-vs-wordpress.html]
[echo.co/advice/ux-heroes-villains.html]
[echo.co/advice/moving-drupal-7-versions-8-and-9.html]
[echo.co/advice/becoming-b-corp-and-prioritizing-purpose.html]
[echo.co/advice.html]
[echo.co/advice/how-practice-empathy-your-ux-work.html]
[echo.co/sites/default/files/brightfocus-logo.svg]
[echo.co/sites/default/files/styles/700wide/public/2017-03/bff_full276d.png]
[echo.co/sites/default/files/bread-for-the-world-logo.svg]
[echo.co/sites/default/files/styles/700wide/public/2017-03/bread_full8818.png]
[echo.co/sites/default/files/yv_white.svg]
[echo.co/sites/default/files/styles/700wide/public/2017-03/yv_fulle7de.png]
[echo.co/sites/default/files/logo-01_2.svg]
[echo.co/sites/default/files/styles/700wide/public/2019-06/2life1b44.png]
[echo.co/sites/default/files/operationsmile_white_0.svg]
[echo.co/sites/default/files/styles/700wide/public/2018-04/operationsmile_full_0586a.png]
[echo.co/sites/default/files/avac-logo.svg]
[echo.co/sites/default/files/styles/700wide/public/2017-03/avac_full7e7d.png]
[echo.co/sites/default/files/endo-white.svg]
[echo.co/sites/default/files/styles/700wide/public/2019-06/endocrine16d4.png]
[echo.co/sites/default/files/wfp-usa_blue.svg]
[echo.co/sites/default/files/styles/700wide/public/2017-03/wfp-usa_full9048.png]
[echo.co/health-&-wellness.html]
[echo.co/sites/default/files/brennan-navy_0.svg]
[echo.co/sites/default/files/styles/700wide/public/2019-06/brennan9c5b.png]
[echo.co/sites/default/files/wfc_blue.svg]
[echo.co/sites/default/files/styles/700wide/public/2017-03/wfc_full3597.png]
[echo.co/sites/default/files/ldf_blue.svg]
[echo.co/sites/default/files/styles/700wide/public/2017-03/ldf_fullbb15.png]
[echo.co/sites/default/files/momsrising_blue.svg]
[echo.co/sites/default/files/styles/700wide/public/2017-03/moms_fullc8ef.png]
[echo.co/sites/default/files/commoncause_white.svg]
[echo.co/sites/default/files/styles/700wide/public/2017-03/commoncause_full7c18.png]
[echo.co/sites/default/files/aajc_white.svg]
[echo.co/sites/default/files/styles/700wide/public/2017-03/aajc_full4425.png]
[echo.co/sites/default/files/rsf_white-01.svg]
[echo.co/sites/default/files/styles/700wide/public/2017-03/rsf_full_04185.png]
[echo.co/sites/default/files/toa-logo.svg]
[echo.co/sites/default/files/styles/700wide/public/2017-03/toa_full36c8.png]
[echo.co/social-justice.html]
[echo.co/sites/default/files/aspca_blue.svg]
[echo.co/sites/default/files/styles/700wide/public/2017-03/aspca_full_0d989.png]
[echo.co/sites/default/files/nrdc-logo.svg]
[echo.co/sites/default/files/styles/700wide/public/2017-03/nrdc_full5f1e.png]
[echo.co/sites/default/files/climaterealityproject_white.svg]
[echo.co/sites/default/files/styles/700wide/public/2018-04/climaterealityproject_fulla237.png]
[echo.co/sites/default/files/greenpeace-logo.svg]
[echo.co/sites/default/files/styles/700wide/public/2017-03/greenpeace9074.png]
[echo.co/sites/default/files/seventh_white.svg]
[echo.co/sites/default/files/styles/700wide/public/2017-03/seventh_full3e04.png]
[echo.co/sites/default/files/project-aware-logo.svg]
[echo.co/sites/default/files/styles/700wide/public/2017-03/pa_full6c69.png]
[echo.co/sites/default/files/sc_white.svg]
[echo.co/sites/default/files/styles/700wide/public/2017-03/sierraclub_fullb114.png]
[echo.co/sites/default/files/eca-logo.svg]
[echo.co/sites/default/files/styles/700wide/public/2017-03/ea_full7ed6.png]
[echo.co/environment.html]
[echo.co/sites/default/files/bep-logo.svg]
[echo.co/sites/default/files/styles/700wide/public/2017-03/bellwether_full5048.png]
[echo.co/sites/default/files/uci_white.svg]
[echo.co/sites/default/files/styles/700wide/public/2017-03/uc_full23dc.png]
[echo.co/sites/default/files/princeton-white.svg]
[echo.co/sites/default/files/styles/700wide/public/2019-06/princeton46cb.png]
[echo.co/sites/default/files/cityconnects-navy.svg]
[echo.co/sites/default/files/styles/700wide/public/2019-06/city-conncets687a.png]
[echo.co/sites/default/files/nea-navy.svg]
[echo.co/sites/default/files/styles/700wide/public/2019-06/nea5fd0.png]
[echo.co/sites/default/files/citysprouts_white-01.svg]
[echo.co/sites/default/files/styles/700wide/public/2017-03/citysprouts_fulld9b5.png]
[echo.co/sites/default/files/newseum-logo.svg]
[echo.co/sites/default/files/styles/700wide/public/2017-03/newseum6db9.png]
[echo.co/sites/default/files/uci-logo.svg]
[echo.co/sites/default/files/styles/700wide/public/2017-03/uci_full9c6c.png]
[echo.co/education.html]
[echo.co/sites/default/files/fww_white.svg]
[echo.co/sites/default/files/styles/700wide/public/2017-03/fww_full21a4.png]
[echo.co/sites/default/files/cspi_white.svg]
[echo.co/sites/default/files/styles/700wide/public/2017-03/cspi_fullf288.png]
[echo.co/sites/default/files/free-press-2-01_0.svg]
[echo.co/sites/default/files/styles/700wide/public/2019-06/free-press6390.png]
[echo.co/consumer-&-media-advocacy.html]
[echo.co/sites/default/files/ioby_blue.svg]
[echo.co/sites/default/files/styles/700wide/public/2017-03/ioby_fullf40c.png]
[echo.co/sites/default/files/yb_blue.svg]
[echo.co/sites/default/files/styles/700wide/public/2017-03/yb_full1b2c.png]
[echo.co/sites/default/files/wePowr_white.svg]
[echo.co/sites/default/files/styles/700wide/public/2017-03/wepowr_fulle6c3.png]
[echo.co/sites/default/files/92y_white.svg]
[echo.co/sites/default/files/styles/700wide/public/2017-03/92y_full3620.png]
[echo.co/sites/default/files/off_blue.svg]
[echo.co/sites/default/files/styles/700wide/public/2017-03/offc19d.png]
[echo.co/sites/default/files/brc-logo.svg]
[echo.co/sites/default/files/styles/700wide/public/2017-03/brc_full4a60.png]
[echo.co/sites/default/files/unitedway_blue.svg]
[echo.co/sites/default/files/styles/700wide/public/2017-03/unitedway_full2a99.png]
[echo.co/community-building.html]
[www.google.com/recaptcha/apifef7.js]
[echo.co/contact.html]
[echo.co/sites/default/files/js/js_Z1kyvX_M6hSMXMDn-ekjxjWBwwS5KKHG2hiPLxIdBaY.js]
[echo.co/node/286.html]
[echo.co/case-studies/health-&-wellness.html]
[echo.co/case-studies/social-justice.html]
[echo.co/case-studies/environment.html]
[echo.co/case-studies/index.html]
[echo.co/case-studies/education.html]
[echo.co/case-studies/consumer-&-media-advocacy.html]
[echo.co/case-studies/community-building.html]
[echo.co/sites/default/files/styles/1040wide/public/NEAdesigns912f.jpg]
[echo.co/sites/default/files/inline-images/NEA_byTheNumbers_0.jpg]
[echo.co/sites/default/files/NEAbefore.jpg]
[echo.co/sites/default/files/NEAafter.jpg]
[echo.co/sites/default/files/styles/677w/public/2019-06/boston-college5867.png]
[echo.co/sites/default/files/styles/677w/public/2017-03/newseum7ed5.png]
[echo.co/sites/default/files/styles/677w/public/2017-03/uci_fullfa8f.png]
[echo.co/case-study/national-education-association.html]
[echo.co/sites/default/files/js/js_tGQCD_1brCabS3HTbBMuKtKek3LM2bPoXdMxwKRy7TU.js]
[echo.co/sites/default/files/2019-11/city-connects_gradient.jpg]
[echo.co/node/268.html]
[echo.co/sites/default/files/styles/1100x550/public/2019-11/city-connects_gradiente15f.jpg]
[echo.co/sites/default/files/styles/1040wide/public/9B3A1715 (1)b324.jpg]
[echo.co/case-study/boston-college-city-connects.html]
[echo.co/sites/default/files/2017-07/team_graziella_jackson_1.jpg]
[echo.co/node/54.html]
[echo.co/sites/default/files/styles/1100x550/public/2017-07/team_graziella_jackson_1525b.jpg]
[echo.co/sites/default/files/styles/470x376/public/2019-03/IMG_3505_0abea.jpg]
[echo.co/sites/default/files/styles/677wide/public/2019-03/IMG_3505_0ddf3.jpg]
[echo.co/bio/graziella-jackson.html]
[echo.co/sites/default/files/2018-09/Advice Header.png]
[echo.co/node/284.html]
[echo.co/sites/default/files/css/css_f_BhnvAkiQK3nLSYEF5qzG6HDN7jNVLP0qwC792EWe0.css]
[echo.co/blog.html]
[echo.co/sites/default/files/styles/advice_team_member_photo/public/2019-06/team_ehmonie_haineya542.jpg]
[echo.co/sites/default/files/inline-images/20NTC_Improv_Banner (1).png]
[echo.co/advice/how-use-improv-jumpstart-creativity-among-your-team-1.html]
[echo.co/node/277.html]
[echo.co/sites/default/files/styles/advice_team_member_photo/public/2019-08/team_andy_vanderlindee214.jpg]
[echo.co/advice/info@echo.co]
[echo.co/advice/how-can-tech-organizations-tackle-unconscious-bias.html]
[echo.co/advice/what-future-social-impact-tech.html]
[echo.co/sites/default/files/2016-06/case-study-newseum_full.jpg]
[echo.co/node/17.html]
[echo.co/sites/default/files/styles/1100x550/public/2016-06/case-study-newseum_full42c6.jpg]
[echo.co/sites/default/files/inline-images/case-newseumed-featureImage.jpg]
[echo.co/sites/default/files/newseum_before.jpg]
[echo.co/sites/default/files/newseum_after.jpg]
[echo.co/case-study/newseumED.html]
[echo.co/sites/default/files/styles/677w/public/2017-03/bellwether_full4974.png]
[echo.co/sites/default/files/2017-07/team_peter_sax_2.jpg]
[echo.co/node/1.html]
[echo.co/sites/default/files/styles/1100x550/public/2017-07/team_peter_sax_208c5.jpg]
[echo.co/sites/default/files/styles/470x376/public/2017-06/aspcapro_gongcdab.png]
[echo.co/sites/default/files/styles/677wide/public/2017-06/aspcapro_gong24d7.png]
[echo.co/bio/lisa-hahn]
[echo.co/bio/peter-sax.html]
[echo.co/node/182.html]
[echo.co/sites/default/files/styles/advice_team_member_photo/public/2017-07/team_graziella_jackson_15df6.jpg]
[echo.co/advice/making-better-choices-about-digital.html]
[echo.co/advice/when-you-wish-upon-homepage.html]
[echo.co/themes/custom/squares/img/illo_userCentric.svg]
[echo.co/themes/custom/squares/img/illo_continuedWork.svg]
[echo.co/themes/custom/squares/img/illo_publishTeach.svg]
[echo.co/node/24.html]
[echo.co/privacy-policy.html]
[echo.co/sites/default/files/js/js_1QdpnHx0CfSG-jEjBZlV4rEy60McVKH9-ZpifKiOmDo.js]
[echo.co/themes/custom/squares/css/svg/sprite.css-1712a692.svg]
[echo.co/themes/custom/squares/img/dot-pattern.svg]
[echo.co/themes/custom/squares/img/caret_down.svg]
[echo.co/themes/custom/squares/img/map.svg]
[echo.co/themes/custom/squares/img/caret_right.svg]
[echo.co/themes/custom/squares/img/envelope.svg]
[echo.co/themes/custom/squares/img/email.svg]
[echo.co/themes/custom/squares/img/phone.svg]
[echo.co/themes/custom/squares/img/heart.svg]
[echo.co/themes/custom/squares/img/dot-pattern-blue.svg]
[echo.co/themes/custom/squares/img/dot-pattern-light.svg]
[echo.co/themes/custom/squares/img/dot-pattern-blue-light.svg]
[echo.co/node/22.html]
[echo.co/sites/default/files/css/css_Dv7LNY6gAcATfsvKG6HjOcvMVbVzJ1vUbAwr0yF0Rk4.css]
[echo.co/node/48.html]
[echo.co/method/discover.html]
[echo.co/common-discovery-activities.html]
[echo.co/node/76.html]
[echo.co/method/define.html]
[echo.co/common-definition-activities.html]
[echo.co/node/92.html]
[echo.co/method/design.html]
[echo.co/common-design-activities.html]
[echo.co/node/91.html]
[echo.co/method/develop.html]
[echo.co/common-development-activities.html]
[echo.co/node/93.html]
[echo.co/common-delivery-activities.html]
[echo.co/method/deliver.html]
[echo.co/sites/default/files/ICRC_white.svg]
[echo.co/sites/default/files/uusc.svg]
[echo.co/sites/default/files/google_blue.svg]
[echo.co/sites/default/files/arc_white.svg]
[echo.co/sites/default/files/wildernesssociety_white.svg]
[echo.co/sites/default/files/gsn_white.svg]
[echo.co/sites/default/files/prepwatch-white.svg]
[echo.co/sites/default/files/sif_white.svg]
[echo.co/sites/default/files/island-institute_blue.svg]
[echo.co/sites/default/files/ogp_white.svg]
[echo.co/sites/default/files/newseum_white.svg]
[echo.co/sites/default/files/demos_white.svg]
[echo.co/sites/default/files/2017-03/case-brightfocus-headerImage.jpg]
[echo.co/node/68.html]
[echo.co/sites/default/files/styles/1100x550/public/2017-03/case-brightfocus-headerImage32ae.jpg]
[echo.co/case-studies/health-&-wellness-2.html]
[echo.co/sites/default/files/inline-images/case-brightfocus-featureImage.jpg]
[echo.co/sites/default/files/inline-images/Constrast Feature.png]
[echo.co/sites/default/files/BFF Home Page.png]
[echo.co/sites/default/files/BFF Homepage After.png]
[echo.co/sites/default/files/styles/677w/public/2017-03/bread_fulldad4.png]
[echo.co/case-study/brightfocus-foundation.html]
[echo.co/sites/default/files/2017-03/case-brc-headerImage.jpg]
[echo.co/node/114.html]
[echo.co/sites/default/files/styles/1100x550/public/2017-03/case-brc-headerImagebf48.jpg]
[echo.co/sites/default/files/inline-images/case-brc-featureImage.jpg]
[echo.co/case-study/bowery-residents-committee.html]
[echo.co/sites/default/files/styles/677w/public/2017-03/wepowr_fulla84c.png]
[echo.co/sites/default/files/2017-03/case-aspcapro-headerImage.jpg]
[echo.co/node/85.html]
[echo.co/sites/default/files/styles/1100x550/public/2017-03/case-aspcapro-headerImageb795.jpg]
[echo.co/sites/default/files/styles/677w/public/2017-03/bff_full81ab.png]
[echo.co/case-study/aspcapro.html]
[echo.co/sites/default/files/2017-03/case-aajc-headerImage.jpg]
[echo.co/node/113.html]
[echo.co/sites/default/files/styles/1100x550/public/2017-03/case-aajc-headerImage45a8.jpg]
[echo.co/sites/default/files/inline-images/case-aajc-featureImage.jpg]
[echo.co/sites/default/files/styles/677w/public/2019-06/brennan5ee8.png]
[echo.co/sites/default/files/styles/677w/public/2017-03/uusc_full0df2.png]
[echo.co/case-study/asian-americans-advancing-justice.html]
[echo.co/sites/default/files/2017-03/case-greenpeace-usa-headerImage.jpg]
[echo.co/node/84.html]
[echo.co/sites/default/files/styles/1100x550/public/2017-03/case-greenpeace-usa-headerImage012f.jpg]
[echo.co/sites/default/files/inline-images/case-greenpeace-usa-featureImage.jpg]
[echo.co/sites/default/files/styles/677w/public/2017-03/ea_fulla978.png]
[echo.co/sites/default/files/styles/677w/public/2017-03/nrdc_fulle6a2.png]
[echo.co/case-study/greenpeace-usa.html]
[echo.co/sites/default/files/2017-03/case-project-aware-headerImage.jpg]
[echo.co/node/69.html]
[echo.co/sites/default/files/styles/1100x550/public/2017-03/case-project-aware-headerImage04cb.jpg]
[echo.co/sites/default/files/inline-images/case-project-aware-featureImage.jpg]
[echo.co/case-study/project-aware.html]
[echo.co/sites/default/files/2017-03/case-food-water-watch-headerImage.jpg]
[echo.co/node/87.html]
[echo.co/sites/default/files/styles/1100x550/public/2017-03/case-food-water-watch-headerImage9d38.jpg]
[echo.co/case-studies/consumer-&-media-advocacy-2.html]
[echo.co/sites/default/files/inline-images/case-food-water-watch-featureImage.jpg]
[echo.co/sites/default/files/styles/677w/public/2019-06/free-press17ef.png]
[echo.co/case-study/food-water-watch.html]
[echo.co/sites/default/files/styles/677w/public/2017-03/cspi_fullf43d.png]
[echo.co/sites/default/files/2022-01/team_alyssa_huntley.jpg]
[echo.co/node/291.html]
[echo.co/sites/default/files/styles/1100x550/public/2022-01/team_alyssa_huntley3b38.jpg]
[echo.co/bio/alyssa-huntley.html]
[echo.co/sites/default/files/2019-08/team_andy_vanderlinde.jpg]
[echo.co/node/259.html]
[echo.co/sites/default/files/styles/1100x550/public/2019-08/team_andy_vanderlinde97cf.jpg]
[echo.co/bio/andy-vanderlinde.html]
[echo.co/sites/default/files/2019-06/team_anna_kassinger.jpg]
[echo.co/node/241.html]
[echo.co/sites/default/files/styles/1100x550/public/2019-06/team_anna_kassinger58c4.jpg]
[echo.co/bio/anna-kassinger.html]
[echo.co/users/bill-brown.html]
[echo.co/sites/default/files/2017-03/team_bill_brown.jpg]
[echo.co/node/44.html]
[echo.co/sites/default/files/styles/1100x550/public/2017-03/team_bill_brown7e79.jpg]
[echo.co/bio/bills-anchor]
[echo.co/sites/default/files/styles/470x376/public/2018-03/noew-classb4fc.jpg]
[echo.co/sites/default/files/styles/677wide/public/2018-03/noew-class4c19.jpg]
[echo.co/sites/default/files/styles/470x376/public/2017-04/Photo Mar 15, 4 54 50 PM5f3c.jpg]
[echo.co/sites/default/files/styles/677wide/public/2017-04/Photo Mar 15, 4 54 50 PM0791.jpg]
[echo.co/sites/default/files/styles/470x376/public/2017-04/ttd-26f58.jpg]
[echo.co/sites/default/files/styles/677wide/public/2017-04/ttd-25d91.jpg]
[echo.co/bio/bill-brown.html]
[echo.co/sites/default/files/2023-09/team_catherine_smyka_0.jpg]
[echo.co/index.php/node/311.html]
[echo.co/index.php/about-us.html]
[echo.co/sites/default/files/styles/1100x550/public/2023-09/team_catherine_smyka_0f233.jpg]
[echo.co/index.php/team.html]
[echo.co/index.php/users/mark-archibald.html]
[echo.co/index.php/bio/bill-brown.html]
[echo.co/index.php/bio/chrissy-guertin.html]
[echo.co/index.php/privacy-policy.html]
[echo.co/index.php/bio/catherine-smyka-0.html]
[echo.co/sites/default/files/2019-10/team_chrissy_guertin.jpg]
[echo.co/node/264.html]
[echo.co/sites/default/files/styles/1100x550/public/2019-10/team_chrissy_guertincbd8.jpg]
[echo.co/users/nick-vadala.html]
[echo.co/bio/chrissy-guertin.html]
[echo.co/sites/default/files/2022-03/team_emily_agueda.jpg]
[echo.co/node/292.html]
[echo.co/sites/default/files/styles/1100x550/public/2022-03/team_emily_agueda1f7d.jpg]
[echo.co/bio/emily-agueda.html]
[echo.co/users/graziella-jackson.html]
[echo.co/sites/default/files/2023-04/team_julie_linton.jpg]
[echo.co/node/305.html]
[echo.co/sites/default/files/styles/1100x550/public/2023-04/team_julie_lintoncc92.jpg]
[echo.co/bio/julie-linton.html]
[echo.co/sites/default/files/2020-01/Kimiko.png]
[echo.co/node/270.html]
[echo.co/sites/default/files/styles/1100x550/public/2020-01/Kimikoc737.png]
[echo.co/users/lauren-robbins.html]
[echo.co/bio/kimiko-tanaka-vecchione.html]
[echo.co/sites/default/files/2017-03/team_lauren_robbins.jpg]
[echo.co/node/58.html]
[echo.co/sites/default/files/styles/1100x550/public/2017-03/team_lauren_robbins8a87.jpg]
[echo.co/bio/mark-archibald.html]
[echo.co/bio/lauren-coughlin.html]
[echo.co/sites/default/files/2017-03/team_mark_archibald.jpg]
[echo.co/node/60.html]
[echo.co/sites/default/files/styles/1100x550/public/2017-03/team_mark_archibald321c.jpg]
[echo.co/users/mark-archibald.html]
[echo.co/sites/default/files/2022-01/team_miranda_max.jpg]
[echo.co/node/290.html]
[echo.co/sites/default/files/styles/1100x550/public/2022-01/team_miranda_max8794.jpg]
[echo.co/bio/miranda-max.html]
[echo.co/users/neal-maher.html]
[echo.co/sites/default/files/2017-03/team_neal_maher.jpg]
[echo.co/node/82.html]
[echo.co/sites/default/files/styles/1100x550/public/2017-03/team_neal_maherca8b.jpg]
[echo.co/sites/default/files/styles/470x376/public/2018-07/Blips&Chips2d14.jpg]
[echo.co/sites/default/files/styles/677wide/public/2018-07/Blips&Chips6144.jpg]
[echo.co/users/paul-venuti.html]
[echo.co/bio/neal-maher.html]
[echo.co/sites/default/files/2017-03/team_paul_venuti.jpg]
[echo.co/node/83.html]
[echo.co/sites/default/files/styles/1100x550/public/2017-03/team_paul_venuti4a2d.jpg]
[echo.co/bio/paul-venuti.html]
[echo.co/sites/default/files/2018-08/team_qudsia_aziz.jpg]
[echo.co/node/197.html]
[echo.co/sites/default/files/styles/1100x550/public/2018-08/team_qudsia_azizeebc.jpg]
[echo.co/bio/qudsia-aziz.html]
[echo.co/sites/default/files/2022-12/team_sara_stump.jpg]
[echo.co/node/295.html]
[echo.co/sites/default/files/styles/1100x550/public/2022-12/team_sara_stumpebfd.jpg]
[echo.co/bio/sara-stump.html]
[echo.co/sites/default/files/2023-09/team_SB.jpg]
[echo.co/node/312.html]
[echo.co/sites/default/files/styles/1100x550/public/2023-09/team_SB4275.jpg]
[echo.co/bio/sarah-reynolds.html]
[echo.co/bio/catherine-smyka-0.html]
[echo.co/sites/default/files/2023-02/theSomethingForum_pageHeader.jpg]
[echo.co/node/298.html]
[echo.co/sites/default/files/styles/1100x550/public/2023-02/theSomethingForum_pageHeaderce54.jpg]
[echo.co/sites/default/files/2023-02/amazon-music-badge-44px.png]
[echo.co/sites/default/files/2023-01/apple-podcast-badge-44px.png]
[echo.co/sites/default/files/2023-01/google-podcasts-badge-44px.png]
[echo.co/sites/default/files/2023-02/pandora-badge-44px_0.png]
[echo.co/sites/default/files/2023-01/spotify-podcast-badge-44px.png]
[echo.co/the-something-forum/episodes/index.html]
[echo.co/sites/default/files/2023-01/listen-on-sticher-badge-44px.png]
[echo.co/the-something-forum.html]
[echo.co/info@echo.html]
[echo.co/bio/stacie-sheldon.html]
[echo.co/users/peter-sax.html]
[echo.co/node/280.html]
[echo.co/sites/default/files/styles/100x80/public/2017-07/team_graziella_jackson_1aee4.jpg]
[echo.co/sites/default/files/styles/100x80/public/2017-07/team_peter_sax_23821.jpg]
[echo.co/advice/ultimate-guide-creating-effective-work-home-culture.html]
[echo.co/node/279.html]
[echo.co/sites/default/files/styles/advice_team_member_photo/public/2019-06/team_anna_kassinger8cd9.jpg]
[echo.co/sites/default/files/inline-images/google drive folders.png]
[echo.co/sites/default/files/inline-images/content prep workshop.jpg]
[echo.co/blog/5-ways-content-can-stall-your-launch.html]
[echo.co/blog/preparing-your-content-redesign.html]
[echo.co/advice/best-practices-leading-remote-content-strategy-training-sessions.html]
[echo.co/node/273.html]
[echo.co/advice/balancing-social-media-freedom-vs-regulation.html]
[echo.co/node/267.html]
[echo.co/advice/how-keep-your-website-great-post-launch.html]
[echo.co/advice/demystifying-digital-accessibility-and-ensuring-your-website-ada-compliant.html]
[echo.co/node/239.html]
[echo.co/sites/default/files/styles/advice_team_member_photo/public/2017-07/team_peter_sax_2ce79.jpg]
[echo.co/sites/default/files/inline-images/Drupal-vs.-WordPress.jpg]
[echo.co/advice/3-major-reasons-drupal-8-worth-investment.html]
[echo.co/advice/what-know-you-host-drupal-8-site.html]
[echo.co/advice/open-source-drupal-vs-wordpress.html]
[echo.co/advice/how-get-most-out-drupal-8s-new-content-tools.html]
[echo.co/node/238.html]
[echo.co/sites/default/files/styles/advice_team_member_photo/public/2017-10/team_stacie_sheldon1091.jpg]
[echo.co/sites/default/files/inline-images/Super UX.png]
[echo.co/sites/default/files/inline-images/Hero Poster 325.jpg]
[echo.co/sites/default/files/inline-images/Kapow.png]
[echo.co/advice/ux-heroes-villains.html]
[echo.co/node/236.html]
[echo.co/sites/default/files/inline-images/drupal-7-will-be-supported-until-november-2021.jpg]
[echo.co/sites/default/files/inline-images/drupal-8-will-be-end-of-life-by-november-2021_0.jpg]
[echo.co/sites/default/files/inline-images/drupal-9-will-be-released-in-2020.jpg]
[echo.co/blog/what-know-you-host-drupal-8-site.html]
[echo.co/advice/moving-drupal-7-versions-8-and-9.html]
[echo.co/blog/3-major-reasons-drupal-8-worth-investment.html]
[echo.co/node/232.html]
[echo.co/advice/becoming-b-corp-and-prioritizing-purpose.html]
[echo.co/sites/default/files/inline-images/Echo&Co-B-Corps.gif]
[echo.co/node/198.html]
[echo.co/sites/default/files/inline-images/Heuristic.jpg]
[echo.co/sites/default/files/inline-images/Empathy Map.png]
[echo.co/sites/default/files/inline-images/Guerilla-GSN.png]
[echo.co/advice/how-practice-empathy-your-ux-work.html]
[echo.co/sites/default/files/brightfocus-logo.svg]
[echo.co/sites/default/files/bread-for-the-world-logo.svg]
[echo.co/sites/default/files/yv_white.svg]
[echo.co/sites/default/files/logo-01_2.svg]
[echo.co/sites/default/files/operationsmile_white_0.svg]
[echo.co/sites/default/files/avac-logo.svg]
[echo.co/sites/default/files/endo-white.svg]
[echo.co/sites/default/files/wfp-usa_blue.svg]
[echo.co/sites/default/files/brennan-navy_0.svg]
[echo.co/sites/default/files/wfc_blue.svg]
[echo.co/sites/default/files/ldf_blue.svg]
[echo.co/sites/default/files/momsrising_blue.svg]
[echo.co/sites/default/files/commoncause_white.svg]
[echo.co/sites/default/files/aajc_white.svg]
[echo.co/sites/default/files/rsf_white-01.svg]
[echo.co/sites/default/files/toa-logo.svg]
[echo.co/sites/default/files/aspca_blue.svg]
[echo.co/sites/default/files/nrdc-logo.svg]
[echo.co/sites/default/files/climaterealityproject_white.svg]
[echo.co/sites/default/files/greenpeace-logo.svg]
[echo.co/sites/default/files/seventh_white.svg]
[echo.co/sites/default/files/project-aware-logo.svg]
[echo.co/sites/default/files/sc_white.svg]
[echo.co/sites/default/files/eca-logo.svg]
[echo.co/sites/default/files/bep-logo.svg]
[echo.co/sites/default/files/uci_white.svg]
[echo.co/sites/default/files/princeton-white.svg]
[echo.co/sites/default/files/cityconnects-navy.svg]
[echo.co/sites/default/files/nea-navy.svg]
[echo.co/sites/default/files/citysprouts_white-01.svg]
[echo.co/sites/default/files/newseum-logo.svg]
[echo.co/sites/default/files/uci-logo.svg]
[echo.co/sites/default/files/fww_white.svg]
[echo.co/sites/default/files/cspi_white.svg]
[echo.co/sites/default/files/free-press-2-01_0.svg]
[echo.co/sites/default/files/ioby_blue.svg]
[echo.co/sites/default/files/yb_blue.svg]
[echo.co/sites/default/files/wePowr_white.svg]
[echo.co/sites/default/files/92y_white.svg]
[echo.co/sites/default/files/off_blue.svg]
[echo.co/sites/default/files/brc-logo.svg]
[echo.co/sites/default/files/unitedway_blue.svg]
[echo.co/sites/default/files/js/js_Z1kyvX_M6hSMXMDn-ekjxjWBwwS5KKHG2hiPLxIdBaY.js]
[echo.co/node/286.html]
[echo.co/case-studies/index.html]
[echo.co/sites/default/files/ncoa_white.svg]
[echo.co/sites/default/files/styles/700wide/public/2017-03/ncoa_full28f2.png]
[echo.co/sites/default/files/sabin_blue.svg]
[echo.co/sites/default/files/styles/700wide/public/2017-03/sabin_full5990.png]
[echo.co/case-studies/health-&-wellness.html]
[www.echo.co/sites/default/files/styles/700wide/public/2017-03/DRF_logo0942.gif]
[echo.co/case-studies/social-justice.html]
[echo.co/case-studies/environment.html]
[echo.co/sites/default/files/aspcapro-logo.svg]
[echo.co/sites/default/files/styles/700wide/public/2017-03/aspca_full9842.png]
[echo.co/sites/default/files/emerson_blue.svg]
[echo.co/sites/default/files/styles/700wide/public/2017-03/emerson_full@1x8e11.png]
[www.echo.co/sites/default/files/styles/700wide/public/2017-03/mit_full155a.png]
[echo.co/sites/default/files/yiddish_white.svg]
[echo.co/sites/default/files/styles/700wide/public/2017-03/yiddish_fullafa4.png]
[echo.co/sites/default/files/mfa_white_0.svg]
[echo.co/sites/default/files/styles/700wide/public/2018-04/mfa_full4e22.png]
[echo.co/sites/default/files/boston-college-white.svg]
[echo.co/sites/default/files/styles/700wide/public/2019-06/boston-college83ea.png]
[echo.co/case-studies/education.html]
[echo.co/case-studies/consumer-&-media-advocacy.html]
[echo.co/case-studies/community-building.html]
[echo.co/sites/default/files/js/js_tGQCD_1brCabS3HTbBMuKtKek3LM2bPoXdMxwKRy7TU.js]
[echo.co/node/268.html]
[echo.co/node/54.html]
[echo.co/node/284.html]
[echo.co/sites/default/files/css/css_f_BhnvAkiQK3nLSYEF5qzG6HDN7jNVLP0qwC792EWe0.css]
[echo.co/blog.html]
[echo.co/node/info@echo.co]
[echo.co/node/277.html]
[echo.co/advice/info@echo.html]
[echo.co/node/167.html]
[echo.co/advice/what-future-social-impact-tech.html]
[echo.co/advice/when-redesign-launching-new-echoco.html]
[echo.co/node/17.html]
[echo.co/node/1.html]
[echo.co/bio/lisa-hahn.html]
[echo.co/node/182.html]
[echo.co/node/171.html]
[echo.co/sites/default/files/styles/advice_team_member_photo/public/2017-03/team_sara_kaplow7ef8.jpg]
[echo.co/advice/when-you-wish-upon-homepage.html]
[echo.co/blog/how-get-most-out-drupal-8s-new-content-tools.html]
[echo.co/node/24.html]
[echo.co/node/48.html]
[echo.co/node/89.html]
[echo.co/common-discovery-activities.html]
[echo.co/node/76.html]
[echo.co/node/90.html]
[echo.co/common-definition-activities.html]
[echo.co/node/92.html]
[echo.co/node/115.html]
[echo.co/common-design-activities.html]
[echo.co/node/91.html]
[echo.co/node/116.html]
[echo.co/common-development-activities.html]
[echo.co/node/93.html]
[echo.co/common-delivery-activities.html]
[echo.co/node/68.html]
[echo.co/case-studies/health-&-wellness-2.html]
[echo.co/node/114.html]
[echo.co/node/85.html]
[echo.co/node/113.html]
[echo.co/node/117.html]
[echo.co/node/84.html]
[echo.co/node/69.html]
[echo.co/node/87.html]
[echo.co/case-studies/consumer-&-media-advocacy-2.html]
[echo.co/node/291.html]
[echo.co/node/259.html]
[echo.co/node/241.html]
[echo.co/users/bills-anchor]
[echo.co/users/bill-brown.html]
[echo.co/node/bills-anchor]
[echo.co/node/44.html]
[echo.co/bio/bills-anchor.html]
[echo.co/index.php/node/311.html]
[echo.co/index.php/node/22.html]
[echo.co/index.php/about-us.html]
[echo.co/index.php/team.html]
[echo.co/index.php/node/60.html]
[echo.co/index.php/bio/anna-kassinger.html]
[echo.co/index.php/bio/lauren-coughlin.html]
[echo.co/index.php/users/mark-archibald.html]
[echo.co/index.php/bio/miranda-max.html]
[echo.co/index.php/users/bill-brown.html]
[echo.co/index.php/node/44.html]
[echo.co/index.php/users/neal-maher.html]
[echo.co/index.php/bio/bills-anchor]
[echo.co/index.php/bio/bill-brown.html]
[echo.co/index.php/node/264.html]
[echo.co/index.php/users/nick-vadala.html]
[echo.co/index.php/bio/chrissy-guertin.html]
[echo.co/index.php/node/24.html]
[echo.co/index.php/privacy-policy.html]
[echo.co/node/264.html]
[echo.co/users/nick-vadala.html]
[echo.co/node/292.html]
[echo.co/users/graziella-jackson.html]
[echo.co/node/305.html]
[echo.co/node/88.html]
[echo.co/node/270.html]
[echo.co/users/lauren-robbins.html]
[echo.co/node/58.html]
[echo.co/bio/mark-archibald.html]
[echo.co/node/60.html]
[echo.co/node/290.html]
[echo.co/users/neal-maher.html]
[echo.co/node/82.html]
[echo.co/users/paul-venuti.html]
[echo.co/node/83.html]
[echo.co/node/197.html]
[echo.co/node/295.html]
[echo.co/node/312.html]
[echo.co/node/311.html]
[echo.co/bio/catherine-smyka-0.html]
[echo.co/node/298.html]
[echo.co/the-something-forum/episodes.html]
[echo.co/node/301.html]
[echo.co/the-something-forum/life-changing-power-empathy-trust.html]
[echo.co/the-something-forum/using-digital-tools-advocacy-activism.html]
[echo.co/the-something-forum/leading-empathy.html]
[echo.co/the-something-forum/tackling-big-bear-data.html]
[echo.co/the-something-forum/communication-and-community.html]
[echo.co/the-something-forum/episodes/index.html]
[echo.co/the-something-forum/fun-and-funding-nonprofit-innovation.html]
[echo.co/node/280.html]
[echo.co/node/279.html]
[echo.co/the-something-forum/how-company-does-social-good/index.html]
[echo.co/sites/default/files/launch2.png]
[echo.co/node/64.html]
[echo.co/sites/default/files/styles/1100x550/public/launch2f465.png]
[echo.co/sites/default/files/styles/advice_team_member_photo/public/2017-03/team_stephanie_todd8db5.jpg]
[echo.co/blog/5-ways-content-can-stall-your-launch.html]
[echo.co/node/74.html]
[echo.co/blog/preparing-your-content-redesign.html]
[echo.co/node/273.html]
[echo.co/node/267.html]
[echo.co/node/170.html]
[echo.co/advice/what-success-looks-2017]
[echo.co/advice/how-keep-your-website-great-post-launch.html]
[echo.co/node/239.html]
[echo.co/node/77.html]
[echo.co/advice/3-major-reasons-drupal-8-worth-investment.html]
[echo.co/advice/5-ways-content-can-stall-your-launch.html]
[echo.co/node/79.html]
[echo.co/sites/default/files/styles/advice_team_member_photo/public/2017-03/team_olumide_adebo3f72.jpg]
[echo.co/advice/what-know-you-host-drupal-8-site.html]
[echo.co/sites/default/files/drupal8.png]
[echo.co/node/67.html]
[echo.co/sites/default/files/styles/1100x550/public/drupal8a38f.png]
[echo.co/advice/how-get-most-out-drupal-8s-new-content-tools.html]
[echo.co/node/238.html]
[echo.co/node/236.html]
[echo.co/blog/what-know-you-host-drupal-8-site.html]
[echo.co/blog/3-major-reasons-drupal-8-worth-investment.html]
[echo.co/node/232.html]
[echo.co/node/198.html]
[echo.co/sites/default/files/ncoa_white.svg]
[echo.co/sites/default/files/sabin_blue.svg]
[echo.co/sites/default/files/aspcapro-logo.svg]
[echo.co/sites/default/files/emerson_blue.svg]
[echo.co/sites/default/files/yiddish_white.svg]
[echo.co/sites/default/files/mfa_white_0.svg]
[echo.co/sites/default/files/boston-college-white.svg]
[echo.co/node/info@echo.html]
[echo.co/node/167.html]
[echo.co/node/123.html]
[echo.co/advice/when-redesign-launching-new-echoco.html]
[echo.co/node/171.html]
[echo.co/blog/how-get-most-out-drupal-8s-new-content-tools.html]
[echo.co/node/89.html]
[echo.co/node/90.html]
[echo.co/node/115.html]
[echo.co/node/116.html]
[echo.co/node/117.html]
[echo.co/users/bills-anchor.html]
[echo.co/node/bills-anchor.html]
[echo.co/index.php/node/22.html]
[echo.co/index.php/node/60.html]
[echo.co/index.php/node/241.html]
[echo.co/index.php/bio/anna-kassinger.html]
[echo.co/index.php/bio/andy-vanderlinde.html]
[echo.co/index.php/node/58.html]
[echo.co/index.php/bio/kimiko-tanaka-vecchione.html]
[echo.co/index.php/bio/mark-archibald.html]
[echo.co/index.php/bio/lauren-coughlin.html]
[echo.co/index.php/node/290.html]
[echo.co/index.php/bio/miranda-max.html]
[echo.co/index.php/bio/emily-agueda.html]
[echo.co/index.php/users/bills-anchor]
[echo.co/index.php/users/bill-brown.html]
[echo.co/index.php/node/bills-anchor]
[echo.co/index.php/node/44.html]
[echo.co/index.php/node/82.html]
[echo.co/index.php/users/peter-sax.html]
[echo.co/index.php/users/paul-venuti.html]
[echo.co/index.php/users/neal-maher.html]
[echo.co/index.php/bio/bills-anchor.html]
[echo.co/index.php/node/264.html]
[echo.co/index.php/node/88.html]
[echo.co/index.php/users/nick-vadala.html]
[echo.co/index.php/users/graziella-jackson.html]
[echo.co/index.php/node/24.html]
[echo.co/node/88.html]
[echo.co/node/311.html]
[echo.co/the-something-forum/episodes.html]
[echo.co/node/301.html]
[echo.co/sites/default/files/2023-09/Screenshot 2023-09-12 at 13-10-21 Echo.co Website Redesign Image-a-majig.png]
[echo.co/node/309.html]
[echo.co/sites/default/files/styles/1100x550/public/2023-09/Screenshot 2023-09-12 at 13-10-21 Echo.co Website Redesign Image-a-majigaea3.png]
[echo.co/the-something-forum/life-changing-power-empathy-trust.html]
[echo.co/the-something-forum/using-digital-tools-advocacy-activism.html]
[echo.co/node/308.html]
[echo.co/sites/default/files/2023-06/Screenshot 2023-06-06 at 11-34-42 Echo.co Website Redesign Image-a-majig.png]
[echo.co/node/307.html]
[echo.co/sites/default/files/styles/1100x550/public/2023-06/Screenshot 2023-06-06 at 11-34-42 Echo.co Website Redesign Image-a-majig1708.png]
[echo.co/the-something-forum/leading-empathy.html]
[echo.co/sites/default/files/2023-05/Screenshot 2023-05-02 at 16-31-34 Echo.co Website Redesign Image-a-majig.png]
[echo.co/node/306.html]
[echo.co/sites/default/files/styles/1100x550/public/2023-05/Screenshot 2023-05-02 at 16-31-34 Echo.co Website Redesign Image-a-majig690f.png]
[echo.co/the-something-forum/tackling-big-bear-data.html]
[echo.co/node/304.html]
[echo.co/sites/default/files/inline-images/stephen-fee200px.jpg]
[echo.co/the-something-forum/communication-and-community.html]
[echo.co/node/302.html]
[echo.co/the-something-forum/fun-and-funding-nonprofit-innovation.html]
[echo.co/sites/default/files/2023-02/theSomethingForum_pageHeader_Graziella.jpg]
[echo.co/the-something-forum/how-company-does-social-good.html]
[echo.co/node/297.html]
[echo.co/sites/default/files/styles/1100x550/public/2023-02/theSomethingForum_pageHeader_Graziella888f.jpg]
[echo.co/the-something-forum/how-company-does-social-good/index.html]
[echo.co/node/64.html]
[echo.co/node/74.html]
[echo.co/node/170.html]
[echo.co/advice/what-success-looks-2017.html]
[echo.co/node/77.html]
[echo.co/advice/5-ways-content-can-stall-your-launch.html]
[echo.co/node/79.html]
[echo.co/node/67.html]
[echo.co/node/123.html]
[echo.co/index.php/node/241.html]
[echo.co/index.php/node/259.html]
[echo.co/index.php/bio/qudsia-aziz.html]
[echo.co/index.php/bio/andy-vanderlinde.html]
[echo.co/index.php/bio/alyssa-huntley.html]
[echo.co/index.php/node/58.html]
[echo.co/index.php/node/270.html]
[echo.co/index.php/bio/julie-linton.html]
[echo.co/index.php/bio/kimiko-tanaka-vecchione.html]
[echo.co/index.php/bio/mark-archibald.html]
[echo.co/index.php/node/290.html]
[echo.co/index.php/node/292.html]
[echo.co/index.php/bio/echoco-family.html]
[echo.co/index.php/bio/graziella-jackson.html]
[echo.co/index.php/bio/emily-agueda.html]
[echo.co/index.php/users/bills-anchor.html]
[echo.co/index.php/node/bills-anchor.html]
[echo.co/index.php/node/82.html]
[echo.co/index.php/node/1.html]
[echo.co/index.php/users/peter-sax.html]
[echo.co/index.php/node/83.html]
[echo.co/index.php/bio/sara-stump.html]
[echo.co/index.php/bio/neal-maher.html]
[echo.co/index.php/users/paul-venuti.html]
[echo.co/index.php/bio/peter-sax.html]
[echo.co/index.php/node/88.html]
[echo.co/index.php/node/54.html]
[echo.co/index.php/users/graziella-jackson.html]
[echo.co/node/309.html]
[echo.co/node/308.html]
[echo.co/node/307.html]
[echo.co/node/306.html]
[echo.co/node/304.html]
[echo.co/node/302.html]
[echo.co/the-something-forum/how-company-does-social-good.html]
[echo.co/node/297.html]
[echo.co/index.php/node/259.html]
[echo.co/index.php/bio/qudsia-aziz.html]
[echo.co/index.php/node/197.html]
[echo.co/index.php/node/291.html]
[echo.co/index.php/bio/paul-venuti.html]
[echo.co/index.php/bio/alyssa-huntley.html]
[echo.co/index.php/bio/sarah-reynolds.html]
[echo.co/index.php/node/270.html]
[echo.co/index.php/bio/julie-linton.html]
[echo.co/index.php/node/292.html]
[echo.co/index.php/node/305.html]
[echo.co/index.php/bio/echoco-family.html]
[echo.co/index.php/bio/graziella-jackson.html]
[echo.co/index.php/node/1.html]
[echo.co/index.php/node/83.html]
[echo.co/index.php/bio/sara-stump.html]
[echo.co/index.php/bio/neal-maher.html]
[echo.co/index.php/bio/peter-sax.html]
[echo.co/index.php/node/54.html]
[echo.co/index.php/node/197.html]
[echo.co/index.php/node/291.html]
[echo.co/index.php/bio/paul-venuti.html]
[echo.co/index.php/node/295.html]
[echo.co/index.php/node/312.html]
[echo.co/index.php/bio/sarah-reynolds.html]
[echo.co/index.php/node/305.html]
[echo.co/index.php/node/295.html]
[echo.co/index.php/node/312.html]
